---
source: crates/zkml-common/src/commitment.rs
expression: hash
---
[
    122,
    48,
    25,
    83,
    209,
    100,
    143,
    27,
    23,
    169,
    18,
    163,
    180,
    79,
    236,
    9,
    234,
    32,
    10,
    241,
    146,
    170,
    102,
    247,
    101,
    244,
    6,
    226,
    43,
    221,
    135,
    35,
]
