---
source: crates/zkml-common/src/merkle.rs
assertion_line: 302
expression: root
---
[
    235,
    43,
    146,
    137,
    16,
    45,
    214,
    48,
    48,
    249,
    46,
    1,
    241,
    253,
    142,
    111,
    57,
    142,
    113,
    244,
    41,
    178,
    106,
    176,
    138,
    11,
    254,
    246,
    88,
    201,
    70,
    21,
]
