---
source: crates/zkml-common/src/commitment.rs
expression: hash
---
[
    98,
    47,
    72,
    63,
    113,
    55,
    209,
    0,
    251,
    56,
    103,
    104,
    34,
    171,
    181,
    28,
    238,
    65,
    12,
    246,
    186,
    162,
    239,
    221,
    220,
    198,
    142,
    85,
    221,
    249,
    8,
    32,
]
