---
source: crates/zkml-common/src/commitment.rs
expression: hash
---
[
    150,
    76,
    247,
    16,
    8,
    229,
    149,
    128,
    143,
    186,
    217,
    159,
    49,
    61,
    234,
    26,
    127,
    223,
    40,
    99,
    123,
    153,
    197,
    156,
    91,
    144,
    194,
    84,
    195,
    162,
    204,
    24,
]
