---
source: crates/zkml-common/src/commitment.rs
expression: hash
---
[
    91,
    104,
    114,
    150,
    90,
    147,
    44,
    66,
    130,
    58,
    206,
    55,
    67,
    184,
    55,
    222,
    155,
    212,
    147,
    240,
    215,
    37,
    184,
    146,
    108,
    9,
    118,
    141,
    248,
    134,
    21,
    27,
]
