---
source: crates/zkml-common/src/commitment.rs
expression: hash
---
[
    148,
    186,
    244,
    114,
    12,
    129,
    100,
    91,
    217,
    28,
    209,
    149,
    255,
    119,
    222,
    153,
    225,
    21,
    94,
    83,
    111,
    113,
    130,
    244,
    164,
    177,
    41,
    124,
    120,
    49,
    116,
    0,
]
