---
source: crates/zkml-common/src/merkle.rs
assertion_line: 295
expression: root
---
[
    149,
    220,
    154,
    230,
    151,
    88,
    57,
    194,
    129,
    136,
    112,
    19,
    128,
    215,
    98,
    136,
    233,
    98,
    249,
    58,
    81,
    72,
    220,
    83,
    54,
    184,
    224,
    215,
    155,
    181,
    226,
    24,
]
