---
source: crates/zkml-common/src/merkle.rs
assertion_line: 288
expression: root
---
[
    100,
    152,
    192,
    36,
    79,
    78,
    224,
    82,
    59,
    49,
    253,
    251,
    232,
    170,
    183,
    15,
    148,
    129,
    7,
    75,
    116,
    55,
    122,
    250,
    27,
    168,
    152,
    245,
    41,
    8,
    185,
    34,
]
