---
source: crates/zkml-common/src/commitment.rs
expression: hash
---
[
    8,
    73,
    82,
    153,
    11,
    190,
    115,
    80,
    215,
    112,
    121,
    90,
    63,
    5,
    81,
    215,
    40,
    108,
    247,
    104,
    56,
    36,
    210,
    94,
    97,
    87,
    161,
    241,
    94,
    27,
    28,
    43,
]
