---
source: crates/zkml-common/src/commitment.rs
expression: hash
---
[
    22,
    197,
    105,
    71,
    8,
    170,
    32,
    21,
    191,
    105,
    162,
    112,
    162,
    102,
    56,
    216,
    253,
    218,
    32,
    178,
    7,
    32,
    16,
    70,
    140,
    168,
    203,
    236,
    223,
    86,
    213,
    15,
]
