---
source: crates/zkml-common/src/commitment.rs
expression: hash
---
[
    155,
    198,
    49,
    254,
    203,
    67,
    27,
    31,
    97,
    80,
    172,
    103,
    110,
    182,
    130,
    47,
    149,
    209,
    243,
    21,
    106,
    231,
    153,
    147,
    9,
    226,
    120,
    183,
    210,
    233,
    173,
    10,
]
